{
  "timestamp": "2026-05-14T03:56:49.735Z",
  "total": 220,
  "free": 220,
  "paid": 0,
  "source": "stats-api",
  "sourceUrl": "https://henryfinance.substack.com/api/v1/publish-dashboard/summary-v2?range=365"
}
{
  "timestamp": "2026-05-14T04:56:55.463Z",
  "total": 220,
  "free": 220,
  "paid": 0,
  "source": "stats-api",
  "sourceUrl": "https://henryfinance.substack.com/api/v1/publish-dashboard/summary-v2?range=365"
}
{
  "timestamp": "2026-05-14T05:56:59.845Z",
  "total": 220,
  "free": 220,
  "paid": 0,
  "source": "stats-api",
  "sourceUrl": "https://henryfinance.substack.com/api/v1/publish-dashboard/summary-v2?range=365"
}
{
  "timestamp": "2026-05-14T06:57:05.373Z",
  "total": 220,
  "free": 220,
  "paid": 0,
  "source": "stats-api",
  "sourceUrl": "https://henryfinance.substack.com/api/v1/publish-dashboard/summary-v2?range=365"
}
{
  "timestamp": "2026-05-14T07:57:11.201Z",
  "total": 220,
  "free": 220,
  "paid": 0,
  "source": "stats-api",
  "sourceUrl": "https://henryfinance.substack.com/api/v1/publish-dashboard/summary-v2?range=365"
}
{
  "timestamp": "2026-05-14T08:57:14.649Z",
  "total": 220,
  "free": 220,
  "paid": 0,
  "source": "stats-api",
  "sourceUrl": "https://henryfinance.substack.com/api/v1/publish-dashboard/summary-v2?range=365"
}
{
  "timestamp": "2026-05-14T09:57:17.960Z",
  "total": 220,
  "free": 220,
  "paid": 0,
  "source": "stats-api",
  "sourceUrl": "https://henryfinance.substack.com/api/v1/publish-dashboard/summary-v2?range=365"
}
{
  "timestamp": "2026-05-14T10:57:21.268Z",
  "total": 220,
  "free": 220,
  "paid": 0,
  "source": "stats-api",
  "sourceUrl": "https://henryfinance.substack.com/api/v1/publish-dashboard/summary-v2?range=365"
}
{
  "timestamp": "2026-05-14T11:59:26.334Z",
  "total": 220,
  "free": 220,
  "paid": 0,
  "source": "stats-api",
  "sourceUrl": "https://henryfinance.substack.com/api/v1/publish-dashboard/summary-v2?range=365"
}
{
  "timestamp": "2026-05-14T12:14:29.110Z",
  "total": 220,
  "free": 220,
  "paid": 0,
  "source": "stats-api",
  "sourceUrl": "https://henryfinance.substack.com/api/v1/publish-dashboard/summary-v2?range=365"
}
{
  "timestamp": "2026-05-14T12:29:31.895Z",
  "total": 220,
  "free": 220,
  "paid": 0,
  "source": "stats-api",
  "sourceUrl": "https://henryfinance.substack.com/api/v1/publish-dashboard/summary-v2?range=365"
}
{
  "timestamp": "2026-05-14T12:44:34.468Z",
  "total": 220,
  "free": 220,
  "paid": 0,
  "source": "stats-api",
  "sourceUrl": "https://henryfinance.substack.com/api/v1/publish-dashboard/summary-v2?range=365"
}
{
  "timestamp": "2026-05-14T12:59:37.114Z",
  "total": 220,
  "free": 220,
  "paid": 0,
  "source": "stats-api",
  "sourceUrl": "https://henryfinance.substack.com/api/v1/publish-dashboard/summary-v2?range=365"
}
{
  "timestamp": "2026-05-14T13:14:39.858Z",
  "total": 220,
  "free": 220,
  "paid": 0,
  "source": "stats-api",
  "sourceUrl": "https://henryfinance.substack.com/api/v1/publish-dashboard/summary-v2?range=365"
}
{
  "timestamp": "2026-05-14T13:29:42.654Z",
  "total": 220,
  "free": 220,
  "paid": 0,
  "source": "stats-api",
  "sourceUrl": "https://henryfinance.substack.com/api/v1/publish-dashboard/summary-v2?range=365"
}
{
  "timestamp": "2026-05-14T13:44:45.500Z",
  "total": 220,
  "free": 220,
  "paid": 0,
  "source": "stats-api",
  "sourceUrl": "https://henryfinance.substack.com/api/v1/publish-dashboard/summary-v2?range=365"
}
{
  "timestamp": "2026-05-14T13:59:48.483Z",
  "total": 220,
  "free": 220,
  "paid": 0,
  "source": "stats-api",
  "sourceUrl": "https://henryfinance.substack.com/api/v1/publish-dashboard/summary-v2?range=365"
}
